<!-- Created with Inkscape (http://www.inkscape.org/) --><svg xmlns="http://www.w3.org/2000/svg" xmlns:sodipodi="http://sodipodi.sourceforge.net/DTD/sodipodi-0.dtd" xmlns:inkscape="http://www.inkscape.org/namespaces/inkscape" xmlns:xlink="http://www.w3.org/1999/xlink" xmlns:rdf="http://www.w3.org/1999/02/22-rdf-syntax-ns#" xmlns:cc="http://web.resource.org/cc/" xmlns:dc="http://purl.org/dc/elements/1.1/" width="793.7007874" height="1122.519685">
  <defs/>
  <sodipodi:namedview id="base" pagecolor="#ffffff" bordercolor="#666666" borderopacity="1.0" inkscape:pageopacity="0.0" inkscape:pageshadow="2" inkscape:zoom="0.35" inkscape:cx="375" inkscape:cy="520" inkscape:document-units="px" inkscape:current-layer="layer1"/>
  <metadata>
    <rdf:RDF>
      <cc:Work rdf:about="">
        <dc:format>image/svg+xml</dc:format>
        <dc:type rdf:resource="http://purl.org/dc/dcmitype/StillImage"/>
      </cc:Work>
    </rdf:RDF>
  </metadata>
  <g inkscape:label="Layer 1" inkscape:groupmode="layer" id="layer1"><rect x="315" y="1020.9626100000000406" width="135" height="75" style="stroke:none;fill:#800080" id="rect5815" transform="matrix(0.891007 -0.45399 0.45399 0.891007 -438.842 289.017)"/><ellipse cx="160" cy="1047.5174927518553432" rx="40" ry="75" style="stroke:none;fill:#d40000" id="ellipse8555"/><path sodipodi:cx="584.28570999999999458" sodipodi:cy="1048.3661150000000362" sodipodi:r1="46.860626" sodipodi:r2="20.800316" sodipodi:arg1="0.65569563" sodipodi:arg2="1.2924963" sodipodi:sides="5" inkscape:rounded="0.0" inkscape:flatsided="false" sodipodi:type="star" d="m 621.429 1076.94 l -31.4286 -8.57143 l -21.4096 24.154 l -1.56005 -32.5391 l -29.5877 -12.8977 l 30.4644 -11.5388 l 3.12333 -32.1252 l 20.3881 25.4077 l 31.5181 -6.95678 l -17.8639 27.2416 z" inkscape:randomized="0.0" transform="translate(-10, 30)" style="stroke:none;fill:#668000;stroke-width:2;stroke-linecap:round;stroke-linejoin:round" id="path5392"/><path d="M 440 971.52 C 415 971.52 393 977.52 418 1002.52 C 458 1042.52 448 1032.52 418 1072.52 C 388 1112.52 438 1122.52 488 1122.52 C 496 1122.52 504 1118.52 511 1113.52 C 502 1100.52 494 1085.52 488 1072.52 C 471 1038.52 468 1033.52 514 1003.52 C 506 990.52 494 980.52 478 972.52 C 470 972.52 454 970.52 440 971.52 Z" style="stroke:none;fill:#006680" id="path9603"/><text x="311" y="1092.5756849999997939" xml:space="preserve" style="stroke:none;font-size:24px;line-height:1;font-family:FreeSerif;font-weight:bold;fill:#44aa00;text-align:center;text-anchor:middle" id="text4306"><tspan style="stroke:none" x="311" y="1092.5756849999997939">Simple Inkscape</tspan><tspan style="stroke:none" x="311" y="1117.5756849999997939">Scripting</tspan></text></g>
</svg>