<!-- Created with Inkscape (http://www.inkscape.org/) --><svg xmlns="http://www.w3.org/2000/svg" xmlns:sodipodi="http://sodipodi.sourceforge.net/DTD/sodipodi-0.dtd" xmlns:inkscape="http://www.inkscape.org/namespaces/inkscape" xmlns:xlink="http://www.w3.org/1999/xlink" xmlns:rdf="http://www.w3.org/1999/02/22-rdf-syntax-ns#" xmlns:cc="http://web.resource.org/cc/" xmlns:dc="http://purl.org/dc/elements/1.1/" width="105mm" height="148mm" viewBox="0.0 0.0 396.8503937007874 559.3700787401575">
  <defs/>
  <sodipodi:namedview id="base" pagecolor="#ffffff" bordercolor="#666666" borderopacity="1.0" inkscape:pageopacity="0.0" inkscape:pageshadow="2" inkscape:zoom="0.35" inkscape:cx="375" inkscape:cy="520" inkscape:document-units="px" inkscape:current-layer="layer1"><inkscape:page x="0" y="0" width="396.8503937007874" height="559.3700787401575"/><inkscape:page width="396.8503937007874" height="559.3700787401575" x="0.0" y="0.0" inkscape:label="1"/><inkscape:page width="396.8503937007874" height="559.3700787401575" x="396.8503937007874" y="0.0" inkscape:label="2"/><inkscape:page width="396.8503937007874" height="559.3700787401575" x="0.0" y="559.3700787401575" inkscape:label="3"/><inkscape:page width="396.8503937007874" height="559.3700787401575" x="396.8503937007874" y="559.3700787401575" inkscape:label="4"/></sodipodi:namedview>
  <metadata>
    <rdf:RDF>
      <cc:Work rdf:about="">
        <dc:format>image/svg+xml</dc:format>
        <dc:type rdf:resource="http://purl.org/dc/dcmitype/StillImage"/>
      </cc:Work>
    </rdf:RDF>
  </metadata>
  <g inkscape:label="Layer 1" inkscape:groupmode="layer" id="layer1"><text x="198.4251969" y="375.6850394" xml:space="preserve" style="font-family:&quot;DejaVu Serif&quot;, serif;font-weight:bold;font-size:200pt;text-anchor:middle;fill:#330080" id="text5815">A</text><text x="595.2755906" y="375.6850394" xml:space="preserve" style="font-family:&quot;DejaVu Serif&quot;, serif;font-weight:bold;font-size:200pt;text-anchor:middle;fill:#330080" id="text8555">B</text><text x="198.4251969" y="935.0551181" xml:space="preserve" style="font-family:&quot;DejaVu Serif&quot;, serif;font-weight:bold;font-size:200pt;text-anchor:middle;fill:#330080" id="text5392">C</text><text x="595.2755906" y="935.0551181" xml:space="preserve" style="font-family:&quot;DejaVu Serif&quot;, serif;font-weight:bold;font-size:200pt;text-anchor:middle;fill:#330080" id="text9603">D</text></g>
</svg>