<!-- Created with Inkscape (http://www.inkscape.org/) --><svg xmlns="http://www.w3.org/2000/svg" xmlns:sodipodi="http://sodipodi.sourceforge.net/DTD/sodipodi-0.dtd" xmlns:inkscape="http://www.inkscape.org/namespaces/inkscape" xmlns:xlink="http://www.w3.org/1999/xlink" xmlns:rdf="http://www.w3.org/1999/02/22-rdf-syntax-ns#" xmlns:cc="http://web.resource.org/cc/" xmlns:dc="http://purl.org/dc/elements/1.1/" width="793.7007874" height="1122.519685">
  <defs/>
  <sodipodi:namedview id="base" pagecolor="#ffffff" bordercolor="#666666" borderopacity="1.0" inkscape:pageopacity="0.0" inkscape:pageshadow="2" inkscape:zoom="0.35" inkscape:cx="375" inkscape:cy="520" inkscape:document-units="px" inkscape:current-layer="layer1"/>
  <metadata>
    <rdf:RDF>
      <cc:Work rdf:about="">
        <dc:format>image/svg+xml</dc:format>
        <dc:type rdf:resource="http://purl.org/dc/dcmitype/StillImage"/>
      </cc:Work>
    </rdf:RDF>
  </metadata>
  <g inkscape:label="Layer 1" inkscape:groupmode="layer" id="layer1"><rect x="100" y="0" width="50" height="50" style="stroke:black;fill:#fff6d5" id="rect5815"/><rect x="200" y="400" width="50" height="50" style="stroke:black;fill:#fff6d5" id="rect8555"/><path d="M 125,25 L 225,425" inkscape:connector-type="orthogonal" inkscape:connector-curvature="100" inkscape:connection-start="#rect5815" inkscape:connection-end="#rect8555" style="stroke:black;fill:none" id="path5392"/><circle cx="225" cy="225" r="25" inkscape:connector-avoid="true" style="stroke:black;fill:red" id="circle9603"/></g>
</svg>