<!-- Created with Inkscape (http://www.inkscape.org/) --><svg xmlns="http://www.w3.org/2000/svg" xmlns:sodipodi="http://sodipodi.sourceforge.net/DTD/sodipodi-0.dtd" xmlns:inkscape="http://www.inkscape.org/namespaces/inkscape" xmlns:xlink="http://www.w3.org/1999/xlink" xmlns:rdf="http://www.w3.org/1999/02/22-rdf-syntax-ns#" xmlns:cc="http://web.resource.org/cc/" xmlns:dc="http://purl.org/dc/elements/1.1/" width="793.7007874" height="1122.519685">
  <defs/>
  <sodipodi:namedview id="base" pagecolor="#ffffff" bordercolor="#666666" borderopacity="1.0" inkscape:pageopacity="0.0" inkscape:pageshadow="2" inkscape:zoom="0.35" inkscape:cx="375" inkscape:cy="520" inkscape:document-units="px" inkscape:current-layer="layer1"/>
  <metadata>
    <rdf:RDF>
      <cc:Work rdf:about="">
        <dc:format>image/svg+xml</dc:format>
        <dc:type rdf:resource="http://purl.org/dc/dcmitype/StillImage"/>
      </cc:Work>
    </rdf:RDF>
  </metadata>
  <g inkscape:label="Layer 1" inkscape:groupmode="layer" id="layer1"><path sodipodi:cx="396.8503937" sodipodi:cy="561.2598425" sodipodi:rx="100" sodipodi:ry="100" sodipodi:type="arc" sodipodi:start="0.6283185307179586" sodipodi:end="5.654866776461628" d="M 477.752 620.038 A 100 100 0 0 1 365.949 656.365 A 100 100 0 0 1 296.85 561.26 A 100 100 0 0 1 365.949 466.154 A 100 100 0 0 1 477.752 502.481 L 396.85 561.26 Z" sodipodi:arc-type="slice" style="stroke:black;fill:yellow;stroke-width:2" id="path5815"/></g>
</svg>