<!-- Created with Inkscape (http://www.inkscape.org/) --><svg xmlns="http://www.w3.org/2000/svg" xmlns:sodipodi="http://sodipodi.sourceforge.net/DTD/sodipodi-0.dtd" xmlns:inkscape="http://www.inkscape.org/namespaces/inkscape" xmlns:xlink="http://www.w3.org/1999/xlink" xmlns:rdf="http://www.w3.org/1999/02/22-rdf-syntax-ns#" xmlns:cc="http://web.resource.org/cc/" xmlns:dc="http://purl.org/dc/elements/1.1/" width="793.7007874" height="1122.519685">
  <defs/>
  <sodipodi:namedview id="base" pagecolor="#ffffff" bordercolor="#666666" borderopacity="1.0" inkscape:pageopacity="0.0" inkscape:pageshadow="2" inkscape:zoom="0.35" inkscape:cx="375" inkscape:cy="520" inkscape:document-units="px" inkscape:current-layer="layer1"/>
  <metadata>
    <rdf:RDF>
      <cc:Work rdf:about="">
        <dc:format>image/svg+xml</dc:format>
        <dc:type rdf:resource="http://purl.org/dc/dcmitype/StillImage"/>
      </cc:Work>
    </rdf:RDF>
  </metadata>
  <g inkscape:label="Layer 1" inkscape:groupmode="layer" id="layer1"><path d="M 42.75 19.5 L 42.75 42 Q 39 37.5 34.5 36 Q 30.75 34.5 27 34.5 Q 21.75 34.5 19.5 37.5 Q 17.25 39 17.25 45 Q 17.25 49.5 18.75 52.5 Q 20.25 54 24.75 55.5 L 30 58.5 Q 39 61.5 42.75 69 Q 46.5 76.5 46.5 90 Q 46.5 106.5 41.25 115.5 Q 36 123 25.5 123 Q 20.25 123 15.75 121.5 Q 10.5 120 5.25 115.5 L 5.25 93 Q 10.5 99 15 102 Q 19.5 103.5 24 103.5 Q 28.5 103.5 30.75 100.5 Q 33 97.5 33 93 Q 33 87 31.5 85.5 Q 30 82.5 25.5 79.5 L 20.25 78 Q 12 75 8.25 67.5 Q 5.25 60 5.25 46.5 Q 5.25 31.5 9.75 22.5 Q 15 15 24.75 15 Q 29.25 15 33.75 16.5 Q 38.25 18 42.75 19.5 Z" style="stroke:black;fill:#decd87;stroke-width:5" id="path5815"/></g>
</svg>