<!-- Created with Inkscape (http://www.inkscape.org/) --><svg xmlns="http://www.w3.org/2000/svg" xmlns:sodipodi="http://sodipodi.sourceforge.net/DTD/sodipodi-0.dtd" xmlns:inkscape="http://www.inkscape.org/namespaces/inkscape" xmlns:xlink="http://www.w3.org/1999/xlink" xmlns:rdf="http://www.w3.org/1999/02/22-rdf-syntax-ns#" xmlns:cc="http://web.resource.org/cc/" xmlns:dc="http://purl.org/dc/elements/1.1/" width="793.7007874" height="1122.519685">
  <defs/>
  <sodipodi:namedview id="base" pagecolor="#ffffff" bordercolor="#666666" borderopacity="1.0" inkscape:pageopacity="0.0" inkscape:pageshadow="2" inkscape:zoom="0.35" inkscape:cx="375" inkscape:cy="520" inkscape:document-units="px" inkscape:current-layer="layer1"/>
  <metadata>
    <rdf:RDF>
      <cc:Work rdf:about="">
        <dc:format>image/svg+xml</dc:format>
        <dc:type rdf:resource="http://purl.org/dc/dcmitype/StillImage"/>
      </cc:Work>
    </rdf:RDF>
  </metadata>
  <g inkscape:label="Layer 1" inkscape:groupmode="layer" id="layer1"><g id="g5815"><circle cx="40" cy="20" r="8" style="stroke:black;fill:red" id="circle5392"/><circle cx="60" cy="20" r="8" style="stroke:black;fill:red" id="circle9603"/><circle cx="80" cy="20" r="8" style="stroke:black;fill:red" id="circle4306"/><circle cx="100" cy="20" r="8" style="stroke:black;fill:red" id="circle7856"/></g><g id="g5654"><circle cx="20" cy="40" r="8" style="stroke:black;fill:orange" id="circle6457"/><circle cx="60" cy="40" r="8" style="stroke:black;fill:orange" id="circle5347"/><circle cx="80" cy="40" r="8" style="stroke:black;fill:orange" id="circle266"/><circle cx="100" cy="40" r="8" style="stroke:black;fill:orange" id="circle5447"/></g><g id="g4780"><circle cx="20" cy="60" r="8" style="stroke:black;fill:yellow" id="circle6654"/><circle cx="40" cy="60" r="8" style="stroke:black;fill:yellow" id="circle2036"/><circle cx="80" cy="60" r="8" style="stroke:black;fill:yellow" id="circle167"/><circle cx="100" cy="60" r="8" style="stroke:black;fill:yellow" id="circle3847"/></g><g id="g3066"><circle cx="20" cy="80" r="8" style="stroke:black;fill:green" id="circle9549"/><circle cx="40" cy="80" r="8" style="stroke:black;fill:green" id="circle6173"/><circle cx="60" cy="80" r="8" style="stroke:black;fill:green" id="circle3811"/><circle cx="100" cy="80" r="8" style="stroke:black;fill:green" id="circle5174"/></g><g id="g1829"><circle cx="20" cy="100" r="8" style="stroke:black;fill:blue" id="circle4426"/><circle cx="40" cy="100" r="8" style="stroke:black;fill:blue" id="circle4684"/><circle cx="60" cy="100" r="8" style="stroke:black;fill:blue" id="circle6005"/><circle cx="80" cy="100" r="8" style="stroke:black;fill:blue" id="circle224"/></g><g id="g9629" transform="translate(120, 0)"><circle cx="20" cy="20" r="8" style="stroke:black;fill:red" id="circle8555"/><circle cx="40" cy="40" r="8" style="stroke:black;fill:orange" id="circle2304"/><circle cx="60" cy="60" r="8" style="stroke:black;fill:yellow" id="circle2897"/><circle cx="80" cy="80" r="8" style="stroke:black;fill:green" id="circle2266"/><circle cx="100" cy="100" r="8" style="stroke:black;fill:blue" id="circle771"/></g></g>
</svg>