<!-- Created with Inkscape (http://www.inkscape.org/) --><svg xmlns="http://www.w3.org/2000/svg" xmlns:sodipodi="http://sodipodi.sourceforge.net/DTD/sodipodi-0.dtd" xmlns:inkscape="http://www.inkscape.org/namespaces/inkscape" xmlns:xlink="http://www.w3.org/1999/xlink" xmlns:rdf="http://www.w3.org/1999/02/22-rdf-syntax-ns#" xmlns:cc="http://web.resource.org/cc/" xmlns:dc="http://purl.org/dc/elements/1.1/" width="793.7007874" height="1122.519685">
  <defs/>
  <sodipodi:namedview id="base" pagecolor="#ffffff" bordercolor="#666666" borderopacity="1.0" inkscape:pageopacity="0.0" inkscape:pageshadow="2" inkscape:zoom="0.35" inkscape:cx="375" inkscape:cy="520" inkscape:document-units="px" inkscape:current-layer="layer1"/>
  <metadata>
    <rdf:RDF>
      <cc:Work rdf:about="">
        <dc:format>image/svg+xml</dc:format>
        <dc:type rdf:resource="http://purl.org/dc/dcmitype/StillImage"/>
      </cc:Work>
    </rdf:RDF>
  </metadata>
  <g inkscape:label="Layer 1" inkscape:groupmode="layer" id="layer1"><path d="M 40.9455 6.58293 L 47.2848 20.1775 Q 41.4854 19.5717 35.6249 21.2011 Q 30.6708 22.4079 26.1392 24.521 Q 19.7951 27.4793 17.9214 30.5598 Q 15.6251 32.734 17.3156 36.3592 Q 18.5834 39.0781 21.2413 40.0455 Q 23.4765 40.1066 29.337 38.4772 L 36.5264 37.3314 Q 48.2473 34.0726 54.8919 36.4911 Q 61.5366 38.9095 65.3401 47.0663 Q 69.9889 57.0357 66.1805 65.4319 Q 61.9494 72.9217 49.2611 78.8384 Q 42.9169 81.7967 37.0565 83.4261 Q 30.2897 85.4781 22.6777 85.7175 L 16.3384 72.1229 Q 24.3731 72.7898 30.6561 72.0667 Q 36.5166 70.4373 41.9545 67.9016 Q 47.3923 65.3659 49.266 62.2854 Q 51.1397 59.205 49.8718 56.4861 Q 48.1813 52.8608 45.9461 52.7997 Q 43.2883 51.8324 37.0052 52.5555 L 30.2384 54.6075 Q 19.4238 57.4437 12.7791 55.0252 Q 7.04083 52.1842 3.23726 44.0274 Q -0.988921 34.9643 1.91322 26.9908 Q 6.14428 19.5009 17.9263 14.0068 Q 23.3641 11.4711 29.2246 9.84174 Q 35.0851 8.21233 40.9455 6.58293 Z" style="stroke:black;fill:#decd87;stroke-width:5" id="path5815"/></g>
</svg>