<!-- Created with Inkscape (http://www.inkscape.org/) --><svg xmlns="http://www.w3.org/2000/svg" xmlns:sodipodi="http://sodipodi.sourceforge.net/DTD/sodipodi-0.dtd" xmlns:inkscape="http://www.inkscape.org/namespaces/inkscape" xmlns:xlink="http://www.w3.org/1999/xlink" xmlns:rdf="http://www.w3.org/1999/02/22-rdf-syntax-ns#" xmlns:cc="http://web.resource.org/cc/" xmlns:dc="http://purl.org/dc/elements/1.1/" width="793.7007874" height="1122.519685" id="svg7856">
  <defs/>
  <sodipodi:namedview id="base" pagecolor="#ffffff" bordercolor="#666666" borderopacity="1.0" inkscape:pageopacity="0.0" inkscape:pageshadow="2" inkscape:zoom="0.35" inkscape:cx="375" inkscape:cy="520" inkscape:document-units="px" inkscape:current-layer="layer1"/>
  <metadata>
    <rdf:RDF>
      <cc:Work rdf:about="">
        <dc:format>image/svg+xml</dc:format>
        <dc:type rdf:resource="http://purl.org/dc/dcmitype/StillImage"/>
      </cc:Work>
    </rdf:RDF>
  </metadata>
  <g inkscape:groupmode="layer" inkscape:label="SIS Layer 1" id="g5815"><circle cx="50" cy="150" r="50" style="stroke:black;fill:#330000" id="circle6457"/></g><g inkscape:groupmode="layer" inkscape:label="SIS Layer 2" id="g8555"><circle cx="50" cy="250" r="50" style="stroke:black;fill:#660000" id="circle2304"/></g><g inkscape:groupmode="layer" inkscape:label="SIS Layer 3" id="g5392"><circle cx="50" cy="350" r="50" style="stroke:black;fill:#990000" id="circle5347"/></g><g inkscape:groupmode="layer" inkscape:label="SIS Layer 4" id="g9603"><circle cx="50" cy="450" r="50" style="stroke:black;fill:#cc0000" id="circle266"/></g><g inkscape:groupmode="layer" inkscape:label="SIS Layer 5" id="g4306"><circle cx="50" cy="550" r="50" style="stroke:black;fill:#ff0000" id="circle5447"/></g><g inkscape:label="Layer 1" inkscape:groupmode="layer" id="layer1"><circle cx="50" cy="50" r="50" style="stroke:black;fill:#000000" id="circle5654"/></g>
</svg>