<!-- Created with Inkscape (http://www.inkscape.org/) --><svg xmlns="http://www.w3.org/2000/svg" xmlns:sodipodi="http://sodipodi.sourceforge.net/DTD/sodipodi-0.dtd" xmlns:inkscape="http://www.inkscape.org/namespaces/inkscape" xmlns:xlink="http://www.w3.org/1999/xlink" xmlns:rdf="http://www.w3.org/1999/02/22-rdf-syntax-ns#" xmlns:cc="http://web.resource.org/cc/" xmlns:dc="http://purl.org/dc/elements/1.1/" width="793.7007874" height="1122.519685">
  <defs/>
  <sodipodi:namedview id="base" pagecolor="#ffffff" bordercolor="#666666" borderopacity="1.0" inkscape:pageopacity="0.0" inkscape:pageshadow="2" inkscape:zoom="0.35" inkscape:cx="375" inkscape:cy="520" inkscape:document-units="px" inkscape:current-layer="layer1"/>
  <metadata>
    <rdf:RDF>
      <cc:Work rdf:about="">
        <dc:format>image/svg+xml</dc:format>
        <dc:type rdf:resource="http://purl.org/dc/dcmitype/StillImage"/>
      </cc:Work>
    </rdf:RDF>
  </metadata>
  <g inkscape:label="Layer 1" inkscape:groupmode="layer" id="layer1"><rect x="10" y="10" width="380" height="200" rx="25" ry="25" style="stroke:black;fill:#e7e8e3;stroke-width:2px" id="rect5815"/><foreignObject x="20" y="20" width="360" height="180" id="foreignObject8555"><div xmlns="http://www.w3.org/1999/xhtml">
  <h1>Test of foreign XML</h1>

  <table border="1px">
    <tbody>
      <tr><td>Did</td> <td>this</td> <td>work?</td></tr>
      <tr><td>Yes,</td> <td>it</td> <td>did!</td></tr>
      <tr><td>Hurrah!</td> <td>Hurrah!</td> <td>Hooray!</td></tr>
    </tbody>
  </table>
</div></foreignObject></g>
</svg>