<!-- Created with Inkscape (http://www.inkscape.org/) --><svg xmlns="http://www.w3.org/2000/svg" xmlns:sodipodi="http://sodipodi.sourceforge.net/DTD/sodipodi-0.dtd" xmlns:inkscape="http://www.inkscape.org/namespaces/inkscape" xmlns:xlink="http://www.w3.org/1999/xlink" xmlns:rdf="http://www.w3.org/1999/02/22-rdf-syntax-ns#" xmlns:cc="http://web.resource.org/cc/" xmlns:dc="http://purl.org/dc/elements/1.1/" width="793.7007874" height="1122.519685">
  <defs><marker refX="1" refY="2" orient="auto" style="fill:orange" id="marker8555"><path d="M 0 0 L 4 2 L 0 4 C 0 4 1 3 1 2 C 1 1 0 0 0 0 Z"/></marker><marker refX="1" refY="2" orient="auto" style="fill:blue" id="marker9603"><path d="M 0 0 L 4 2 L 0 4 C 0 4 1 3 1 2 C 1 1 0 0 0 0 Z"/></marker></defs>
  <sodipodi:namedview id="base" pagecolor="#ffffff" bordercolor="#666666" borderopacity="1.0" inkscape:pageopacity="0.0" inkscape:pageshadow="2" inkscape:zoom="0.35" inkscape:cx="375" inkscape:cy="520" inkscape:document-units="px" inkscape:current-layer="layer1"/>
  <metadata>
    <rdf:RDF>
      <cc:Work rdf:about="">
        <dc:format>image/svg+xml</dc:format>
        <dc:type rdf:resource="http://purl.org/dc/dcmitype/StillImage"/>
      </cc:Work>
    </rdf:RDF>
  </metadata>
  <g inkscape:label="Layer 1" inkscape:groupmode="layer" id="layer1"><line x1="20" y1="20" x2="120" y2="20" style="stroke:orange;stroke-width:4;stroke-linecap:round;marker-end:url(#marker8555)" id="line5392"/><line x1="120" y1="40" x2="20" y2="40" style="stroke:blue;stroke-width:4;stroke-linecap:round;marker-end:url(#marker9603)" id="line4306"/></g>
</svg>