<!-- Created with Inkscape (http://www.inkscape.org/) --><svg xmlns="http://www.w3.org/2000/svg" xmlns:sodipodi="http://sodipodi.sourceforge.net/DTD/sodipodi-0.dtd" xmlns:inkscape="http://www.inkscape.org/namespaces/inkscape" xmlns:xlink="http://www.w3.org/1999/xlink" xmlns:rdf="http://www.w3.org/1999/02/22-rdf-syntax-ns#" xmlns:cc="http://web.resource.org/cc/" xmlns:dc="http://purl.org/dc/elements/1.1/" width="793.7007874" height="1122.519685">
  <defs/>
  <sodipodi:namedview id="base" pagecolor="#ffffff" bordercolor="#666666" borderopacity="1.0" inkscape:pageopacity="0.0" inkscape:pageshadow="2" inkscape:zoom="0.35" inkscape:cx="375" inkscape:cy="520" inkscape:document-units="px" inkscape:current-layer="layer1"/>
  <metadata>
    <rdf:RDF>
      <cc:Work rdf:about="">
        <dc:format>image/svg+xml</dc:format>
        <dc:type rdf:resource="http://purl.org/dc/dcmitype/StillImage"/>
      </cc:Work>
    </rdf:RDF>
  </metadata>
  <g inkscape:label="Layer 1" inkscape:groupmode="layer" id="layer1"><path d="M 57 41.8675 L 57 56.8675 Q 52 50.9808 46 46.5167 Q 41 42.6299 36 39.7432 Q 29 35.7017 26 35.9697 Q 23 35.2376 23 39.2376 Q 23 42.2376 25 45.3923 Q 27 47.547 33 52.0111 L 40 58.0526 Q 52 66.9808 57 74.8675 Q 62 82.7543 62 91.7543 Q 62 102.754 55 104.713 Q 48 105.671 34 97.5885 Q 27 93.547 21 89.0829 Q 14 84.0415 7 77 L 7 62 Q 14 70.0415 20 75.5056 Q 26 79.9697 32 83.4338 Q 38 86.8979 41 86.6299 Q 44 86.362 44 83.362 Q 44 79.362 42 77.2073 Q 40 74.0526 34 68.5885 L 27 63.547 Q 16 55.1962 11 47.3094 Q 7 40 7 31 Q 7 21 13 18.4641 Q 20 17.5056 33 25.0111 Q 39 28.4752 45 32.9393 Q 51 37.4034 57 41.8675 Z" style="stroke:black;fill:#decd87;stroke-width:5" id="path5815"/></g>
</svg>