<!-- Created with Inkscape (http://www.inkscape.org/) --><svg xmlns="http://www.w3.org/2000/svg" xmlns:sodipodi="http://sodipodi.sourceforge.net/DTD/sodipodi-0.dtd" xmlns:inkscape="http://www.inkscape.org/namespaces/inkscape" xmlns:xlink="http://www.w3.org/1999/xlink" xmlns:rdf="http://www.w3.org/1999/02/22-rdf-syntax-ns#" xmlns:cc="http://web.resource.org/cc/" xmlns:dc="http://purl.org/dc/elements/1.1/" width="793.7007874" height="1122.519685">
  <defs/>
  <sodipodi:namedview id="base" pagecolor="#ffffff" bordercolor="#666666" borderopacity="1.0" inkscape:pageopacity="0.0" inkscape:pageshadow="2" inkscape:zoom="0.35" inkscape:cx="375" inkscape:cy="520" inkscape:document-units="px" inkscape:current-layer="layer1"/>
  <metadata>
    <rdf:RDF>
      <cc:Work rdf:about="">
        <dc:format>image/svg+xml</dc:format>
        <dc:type rdf:resource="http://purl.org/dc/dcmitype/StillImage"/>
      </cc:Work>
    </rdf:RDF>
  </metadata>
  <g inkscape:label="Layer 1" inkscape:groupmode="layer" id="layer1"><g id="g9603"><g id="g5392"><rect x="0" y="0" width="100" height="100" style="stroke:black;fill:#aade87" id="rect5815"><animate attributeName="x" values="0; -50" dur="3s" fill="freeze"/><animate attributeName="y" values="0; -50" dur="3s" fill="freeze"/><animate attributeName="fill" values="#aade87; #5599ff" dur="3s" fill="freeze"/><animateTransform attributeName="transform" type="scale" values="1; 2" dur="3s" fill="freeze"/></rect><animateTransform attributeName="transform" type="rotate" values="0; 200" dur="3s" fill="freeze"/></g><animateTransform attributeName="transform" type="translate" values="0 0; 396.85 561.26" dur="3s" fill="freeze"/></g></g>
</svg>