<!-- Created with Inkscape (http://www.inkscape.org/) --><svg xmlns="http://www.w3.org/2000/svg" xmlns:sodipodi="http://sodipodi.sourceforge.net/DTD/sodipodi-0.dtd" xmlns:inkscape="http://www.inkscape.org/namespaces/inkscape" xmlns:xlink="http://www.w3.org/1999/xlink" xmlns:rdf="http://www.w3.org/1999/02/22-rdf-syntax-ns#" xmlns:cc="http://web.resource.org/cc/" xmlns:dc="http://purl.org/dc/elements/1.1/" width="793.7007874" height="1122.519685">
  <defs/>
  <sodipodi:namedview id="base" pagecolor="#ffffff" bordercolor="#666666" borderopacity="1.0" inkscape:pageopacity="0.0" inkscape:pageshadow="2" inkscape:zoom="0.35" inkscape:cx="375" inkscape:cy="520" inkscape:document-units="px" inkscape:current-layer="layer1"/>
  <metadata>
    <rdf:RDF>
      <cc:Work rdf:about="">
        <dc:format>image/svg+xml</dc:format>
        <dc:type rdf:resource="http://purl.org/dc/dcmitype/StillImage"/>
      </cc:Work>
    </rdf:RDF>
  </metadata>
  <g inkscape:label="Layer 1" inkscape:groupmode="layer" id="layer1"><path d="M 157 113 L 157 128 Q 152 125 146 124 Q 141 123 136 123 Q 129 123 126 125 Q 123 126 123 130 Q 123 133 125 135 Q 127 136 133 137 L 140 139 Q 152 141 157 146 Q 162 151 162 160 Q 162 171 155 177 Q 148 182 134 182 Q 127 182 121 181 Q 114 180 107 177 L 107 162 Q 114 166 120 168 Q 126 169 132 169 Q 138 169 141 167 Q 144 165 144 162 Q 144 158 142 157 Q 140 155 134 153 L 127 152 Q 116 150 111 145 Q 107 140 107 131 Q 107 121 113 115 Q 120 110 133 110 Q 139 110 145 111 Q 151 112 157 113 Z" style="stroke:black;fill:#decd87;stroke-width:5" id="path5815"/></g>
</svg>